// Jest Snapshot v1, https://goo.gl/fbAQLP

exports[`Header render correctly 1`] = `
<div
  className="header"
>
  <h1>
    <NavLink
      activeClassName="link-active"
      className="nav-link app-name"
      exact={true}
      to="/"
    >
      Budget Manager
    </NavLink>
  </h1>
  <div
    className="navbar navbar-text navbar-expand-lg"
  >
    <ul
      className="navbar-nav"
    >
      <li
        className="nav-item"
      >
        <NavLink
          activeClassName="link-active"
          className="nav-link"
          exact={true}
          to="/"
        >
          Home
        </NavLink>
      </li>
      <li
        className="nav-item"
      >
        <NavLink
          activeClassName="link-active"
          className="nav-link"
          to="dashboard"
        >
          Dashboard
        </NavLink>
      </li>
      <li
        className="nav-item"
      >
        <NavLink
          activeClassName="link-active"
          className="nav-link"
          to="expenses"
        >
          Expenses
        </NavLink>
      </li>
      <li
        className="nav-item"
      >
        <NavLink
          activeClassName="link-active"
          className="nav-link"
          to="summary"
        >
          Summary
        </NavLink>
      </li>
      <li
        className="nav-item"
      >
        <button
          type="button"
        >
          Log out
        </button>
      </li>
    </ul>
  </div>
</div>
`;
