// Jest Snapshot v1, https://goo.gl/fbAQLP

exports[`Header render correctly 1`] = `
<div
  className="header"
>
  <h1
    className="app-name"
  >
    Budget Management
  </h1>
  <div
    className="nav-bar"
  >
    <NavLink
      activeClassName="link-active"
      exact={true}
      to="/"
    >
      Home
    </NavLink>
    <NavLink
      activeClassName="link-active"
      to="/expenses"
    >
      Expenses
    </NavLink>
    <NavLink
      activeClassName="link-active"
      to="/incomes"
    >
      Incomes
    </NavLink>
    <NavLink
      activeClassName="link-active"
      to="/transactions"
    >
      Transactions
    </NavLink>
    <NavLink
      activeClassName="link-active"
      to="/guides"
    >
      Guides
    </NavLink>
  </div>
</div>
`;
